V3 7
FL G:/Dropbox/2-ceng3420/phase2/phase2/processor_core.vhd 2014/04/19.22:22:00 P.68d
EN work/processor_core 1397917327 \
      FL G:/Dropbox/2-ceng3420/phase2/phase2/processor_core.vhd \
      PB ieee/std_logic_1164 1370735607 PB ieee/STD_LOGIC_UNSIGNED 1370735609 \
      PB ieee/std_logic_arith 1370735608
AR work/processor_core/arch_processor_core 1397917328 \
      FL G:/Dropbox/2-ceng3420/phase2/phase2/processor_core.vhd \
      EN work/processor_core 1397917327 CP regtable
FL G:/Dropbox/2-ceng3420/phase2/phase2/regtable.vhd 2009/03/10.22:46:18 P.68d
EN work/regtable 1397917325 FL G:/Dropbox/2-ceng3420/phase2/phase2/regtable.vhd \
      PB ieee/std_logic_1164 1370735607 PB ieee/STD_LOGIC_UNSIGNED 1370735609 \
      PB ieee/std_logic_arith 1370735608
AR work/regtable/arch_regtable 1397917326 \
      FL G:/Dropbox/2-ceng3420/phase2/phase2/regtable.vhd EN work/regtable 1397917325
